// Jest Snapshot v1, https://goo.gl/fbAQLP

exports[`renders without crashing 1`] = `
<View
  accessibilityComponentType={undefined}
  accessibilityLabel={undefined}
  accessibilityTraits={undefined}
  accessible={true}
  collapsable={undefined}
  hitSlop={undefined}
  isTVSelectable={true}
  nativeID={undefined}
  onLayout={undefined}
  onResponderGrant={[Function]}
  onResponderMove={[Function]}
  onResponderRelease={[Function]}
  onResponderTerminate={[Function]}
  onResponderTerminationRequest={[Function]}
  onStartShouldSetResponder={[Function]}
  style={
    Object {
      "alignItems": "center",
      "backgroundColor": "#000000",
      "display": "flex",
      "justifyContent": "center",
      "marginBottom": 10,
      "opacity": 1,
      "padding": 15,
      "width": 600,
    }
  }
  testID="button"
  tvParallaxProperties={undefined}
>
  <Text
    accessible={true}
    allowFontScaling={true}
    disabled={false}
    ellipsizeMode="tail"
    style={
      Object {
        "color": "#fff",
        "fontSize": 20,
      }
    }
  >
     this is button 
  </Text>
</View>
`;
