// Jest Snapshot v1, https://goo.gl/fbAQLP

exports[`on click of button 1`] = `<Connect(Login) />`;

exports[`renders without crashing 1`] = `
<View
  style={
    Object {
      "alignItems": "center",
      "backgroundColor": "#fff",
      "flex": 1,
      "justifyContent": "center",
    }
  }
>
  <TextInput
    onChangeText={[Function]}
    placeholder="Enter the username"
    secureTextEntry={false}
    style={
      Object {
        "borderBottomColor": "black",
        "borderBottomWidth": 2,
        "height": 40,
        "marginBottom": 10,
        "width": 600,
      }
    }
    underlineColorAndroid="transparent"
    value=""
  />
  <TextInput
    onChangeText={[Function]}
    placeholder="Enter the password"
    secureTextEntry={true}
    style={
      Object {
        "borderBottomColor": "black",
        "borderBottomWidth": 2,
        "height": 40,
        "marginBottom": 10,
        "width": 600,
      }
    }
    underlineColorAndroid="transparent"
    value=""
  />
  <View
    accessibilityComponentType={undefined}
    accessibilityLabel={undefined}
    accessibilityTraits={undefined}
    accessible={true}
    collapsable={undefined}
    hitSlop={undefined}
    isTVSelectable={true}
    nativeID={undefined}
    onLayout={undefined}
    onResponderGrant={[Function]}
    onResponderMove={[Function]}
    onResponderRelease={[Function]}
    onResponderTerminate={[Function]}
    onResponderTerminationRequest={[Function]}
    onStartShouldSetResponder={[Function]}
    style={
      Object {
        "alignItems": "center",
        "backgroundColor": "#000000",
        "display": "flex",
        "justifyContent": "center",
        "marginBottom": 10,
        "opacity": 1,
        "padding": 22.5,
        "width": 600,
      }
    }
    testID={undefined}
    tvParallaxProperties={undefined}
  >
    <Text
      accessible={true}
      allowFontScaling={true}
      disabled={false}
      ellipsizeMode="tail"
      style={
        Object {
          "color": "#fff",
          "fontSize": 20,
        }
      }
    >
      LOGIN
    </Text>
  </View>
  <View
    accessibilityComponentType={undefined}
    accessibilityLabel={undefined}
    accessibilityTraits={undefined}
    accessible={true}
    collapsable={undefined}
    hitSlop={undefined}
    isTVSelectable={true}
    nativeID={undefined}
    onLayout={undefined}
    onResponderGrant={[Function]}
    onResponderMove={[Function]}
    onResponderRelease={[Function]}
    onResponderTerminate={[Function]}
    onResponderTerminationRequest={[Function]}
    onStartShouldSetResponder={[Function]}
    style={
      Object {
        "alignItems": "center",
        "backgroundColor": "#000000",
        "display": "flex",
        "justifyContent": "center",
        "marginBottom": 10,
        "opacity": 1,
        "padding": 22.5,
        "width": 600,
      }
    }
    testID={undefined}
    tvParallaxProperties={undefined}
  >
    <Text
      accessible={true}
      allowFontScaling={true}
      disabled={false}
      ellipsizeMode="tail"
      style={
        Object {
          "color": "#fff",
          "fontSize": 20,
        }
      }
    >
      REGISTER
    </Text>
  </View>
</View>
`;
